mode: set
ledger/internal/middleware/auth.go:19.2,20.1 2 1
ledger/internal/middleware/auth.go:22.2,22.45 2 1
ledger/internal/middleware/auth.go:23.3,23.54 1 1
ledger/internal/middleware/auth.go:24.4,25.1 1 0
ledger/internal/middleware/auth.go:26.3,26.21 1 1
ledger/internal/middleware/auth.go:29.2,30.32 2 1
ledger/internal/middleware/auth.go:31.3,32.1 1 1
ledger/internal/middleware/auth.go:35.2,35.37 1 1
ledger/internal/middleware/auth.go:41.2,41.53 1 1
ledger/internal/middleware/auth.go:43.3,43.63 1 1
ledger/internal/middleware/auth.go:45.4,46.24 2 1
ledger/internal/middleware/auth.go:48.5,50.1 2 1
ledger/internal/middleware/auth.go:53.4,54.74 2 1
ledger/internal/middleware/auth.go:55.5,57.1 2 1
ledger/internal/middleware/auth.go:59.4,60.33 2 1
ledger/internal/middleware/auth.go:61.5,63.1 2 1
ledger/internal/middleware/auth.go:66.4,67.48 2 1
ledger/internal/middleware/auth.go:70.3,70.39 1 1
ledger/internal/middleware/limiter.go:14.2,14.53 1 0
ledger/internal/middleware/limiter.go:16.3,16.64 1 0
ledger/internal/middleware/limiter.go:17.4,17.36 1 0
ledger/internal/middleware/limiter.go:18.5,20.1 2 0
ledger/internal/middleware/limiter.go:21.4,21.31 1 0
ledger/internal/middleware/limiter.go:23.3,23.40 1 0
ledger/internal/middleware/o11y.go:19.2,21.1 2 1
ledger/internal/middleware/o11y.go:26.2,26.62 1 1
ledger/internal/middleware/o11y.go:27.3,28.1 5 1
ledger/internal/middleware/o11y.go:29.3,32.1 5 1
ledger/internal/middleware/o11y.go:34.3,35.1 5 1
ledger/internal/middleware/o11y.go:36.3,37.1 5 1
ledger/internal/middleware/o11y.go:39.3,47.1 5 1
ledger/internal/middleware/o11y.go:49.2,49.38 1 1
ledger/internal/api/handler.go:28.2,30.1 1 1
ledger/internal/api/handler.go:34.2,36.16 3 1
ledger/internal/api/handler.go:37.3,39.1 2 1
ledger/internal/api/handler.go:41.2,41.21 1 1
ledger/internal/api/handler.go:42.3,44.1 2 0
ledger/internal/api/handler.go:47.2,48.9 2 1
ledger/internal/api/handler.go:49.3,51.1 2 0
ledger/internal/api/handler.go:53.2,54.26 2 1
ledger/internal/api/handler.go:55.3,57.1 2 1
ledger/internal/api/handler.go:59.2,61.1 4 1
ledger/internal/api/handler.go:63.2,64.16 4 1
ledger/internal/api/handler.go:66.3,67.1 3 1
ledger/internal/api/handler.go:68.3,70.1 3 1
ledger/internal/api/handler.go:72.2,73.87 2 1
ledger/internal/limiter/limiter.go:25.2,27.1 5 1
ledger/internal/limiter/limiter.go:28.2,30.1 5 1
ledger/internal/limiter/limiter.go:31.2,31.20 5 1
ledger/internal/limiter/limiter.go:32.3,33.1 1 0
ledger/internal/limiter/limiter.go:35.2,36.1 2 1
ledger/internal/limiter/limiter.go:38.2,38.31 2 1
ledger/internal/limiter/limiter.go:39.3,40.1 1 1
ledger/internal/limiter/limiter.go:42.2,44.13 3 1
ledger/internal/limiter/limiter.go:56.2,59.1 3 1
ledger/internal/limiter/limiter.go:61.2,63.1 3 1
ledger/internal/limiter/limiter.go:67.2,68.1 2 1
ledger/internal/limiter/limiter.go:69.2,69.13 2 1
ledger/internal/limiter/limiter.go:70.3,77.1 4 1
ledger/internal/limiter/limiter.go:80.3,81.1 4 1
ledger/internal/limiter/limiter.go:83.2,83.33 1 1
ledger/internal/limiter/limiter.go:88.2,90.1 3 1
ledger/internal/limiter/limiter.go:91.2,91.6 3 1
ledger/internal/limiter/limiter.go:92.3,92.10 1 1
ledger/internal/limiter/limiter.go:94.4,94.10 1 0
ledger/internal/limiter/limiter.go:96.4,97.1 2 0
ledger/internal/limiter/limiter.go:98.4,98.59 2 0
ledger/internal/limiter/limiter.go:99.5,100.1 4 0
ledger/internal/limiter/limiter.go:102.5,104.37 4 0
ledger/internal/limiter/limiter.go:105.6,106.1 1 0
ledger/internal/limiter/limiter.go:107.5,108.1 2 0
ledger/internal/limiter/limiter.go:110.5,110.16 2 0
ledger/internal/broker/console.go:11.2,12.1 1 0
ledger/internal/broker/console.go:16.2,18.1 2 0
ledger/internal/worker/outbox.go:22.2,25.1 1 1
ledger/internal/worker/outbox.go:30.2,31.1 3 0
ledger/internal/worker/outbox.go:33.2,34.1 3 0
ledger/internal/worker/outbox.go:35.2,35.6 3 0
ledger/internal/worker/outbox.go:36.3,36.10 1 0
ledger/internal/worker/outbox.go:38.4,39.10 2 0
ledger/internal/worker/outbox.go:41.4,42.1 2 0
ledger/internal/worker/outbox.go:43.4,43.22 2 0
ledger/internal/worker/outbox.go:44.5,45.1 1 0
ledger/internal/worker/outbox.go:52.2,54.1 3 0
ledger/internal/worker/outbox.go:55.2,55.6 3 0
ledger/internal/worker/outbox.go:56.3,56.10 1 0
ledger/internal/worker/outbox.go:58.4,58.10 1 0
ledger/internal/worker/outbox.go:60.4,60.26 1 0
ledger/internal/worker/outbox.go:67.2,72.1 3 1
ledger/internal/worker/outbox.go:73.2,74.1 3 1
ledger/internal/worker/outbox.go:75.2,75.16 3 1
ledger/internal/worker/outbox.go:76.3,77.1 1 0
ledger/internal/worker/outbox.go:81.2,91.1 3 1
ledger/internal/worker/outbox.go:94.2,95.16 3 1
ledger/internal/worker/outbox.go:96.3,98.1 2 0
ledger/internal/worker/outbox.go:100.2,105.1 4 1
ledger/internal/worker/outbox.go:106.2,108.1 4 1
ledger/internal/worker/outbox.go:110.2,110.18 4 1
ledger/internal/worker/outbox.go:111.3,113.1 3 1
ledger/internal/worker/outbox.go:114.3,114.17 3 1
ledger/internal/worker/outbox.go:115.4,117.12 3 0
ledger/internal/worker/outbox.go:120.3,120.29 1 1
ledger/internal/worker/outbox.go:123.2,124.1 2 1
ledger/internal/worker/outbox.go:125.2,125.48 2 1
ledger/internal/worker/outbox.go:126.3,127.1 1 1
ledger/internal/worker/outbox.go:129.2,133.1 5 1
ledger/internal/worker/outbox.go:135.2,135.27 5 1
ledger/internal/worker/outbox.go:137.3,138.30 2 1
ledger/internal/worker/outbox.go:139.4,140.1 5 1
ledger/internal/worker/outbox.go:141.4,144.1 5 1
ledger/internal/worker/outbox.go:145.4,145.18 5 1
ledger/internal/worker/outbox.go:146.5,148.1 2 0
ledger/internal/worker/outbox.go:149.5,150.1 1 1
ledger/internal/worker/outbox.go:154.2,156.1 3 1
ledger/internal/worker/outbox.go:158.2,158.27 3 1
ledger/internal/worker/outbox.go:159.3,163.1 3 1
ledger/internal/worker/outbox.go:164.3,165.17 3 1
ledger/internal/worker/outbox.go:166.4,167.1 1 0
ledger/internal/worker/outbox.go:171.2,171.24 1 1
ledger/internal/worker/outbox.go:172.3,176.1 3 0
ledger/internal/worker/outbox.go:177.3,178.17 3 0
ledger/internal/worker/outbox.go:179.4,180.1 1 0
ledger/internal/worker/outbox.go:183.2,183.26 1 1
ledger/internal/wallet/wallet.go:18.2,19.1 1 1
ledger/internal/wallet/wallet.go:24.2,25.16 2 1
ledger/internal/wallet/wallet.go:26.3,27.1 1 0
ledger/internal/wallet/wallet.go:28.2,28.15 1 1
ledger/internal/wallet/wallet.go:28.17,28.39 1 1
ledger/internal/wallet/wallet.go:30.2,31.1 4 1
ledger/internal/wallet/wallet.go:33.2,37.1 4 1
ledger/internal/wallet/wallet.go:38.2,39.16 4 1
ledger/internal/wallet/wallet.go:40.3,41.1 1 0
ledger/internal/wallet/wallet.go:43.2,43.25 1 1
ledger/internal/wallet/wallet.go:44.3,45.1 1 0
ledger/internal/wallet/wallet.go:48.2,68.1 4 1
ledger/internal/wallet/wallet.go:70.2,71.1 4 1
ledger/internal/wallet/wallet.go:73.2,74.16 4 1
ledger/internal/wallet/wallet.go:75.3,76.1 1 0
ledger/internal/wallet/wallet.go:79.2,79.38 1 1
ledger/internal/wallet/wallet.go:80.3,81.1 1 0
ledger/internal/wallet/wallet.go:83.2,83.24 1 1
